Mineracao de Gelo 500.00
Classificados
Bot #2 500.00
Bot #3 500.00
Bot #4 500.00
Bot #5 500.00
Bot #6 500.00
Bot #7 500.00
Bot #8 500.00
Bot #9 500.00
Bot #10 500.00
Bot #11 500.00
Bot #12 500.00
Bot #13 500.00
Bot #14 500.00
Bot #15 500.00
Bot #16 500.00
Bot #17 500.00
Bot #18 500.00
Bot #19 500.00
Bot #20 500.00
Bot #21 500.00
Bot #22 500.00
Bot #23 500.00
Bot #24 500.00
Bot #25 500.00
Bot #26 500.00
Bot #27 500.00
Bot #28 500.00
Bot #29 500.00
Bot #30 500.00
Bot #31 500.00
Bot #32 500.00
Bot #33 500.00
Bot #34 500.00
Bot #35 500.00
Bot #36 500.00
Bot #37 500.00
Bot #38 500.00
Bot #39 500.00
Bot #40 500.00
Bot #41 500.00
Bot #42 500.00
Bot #43 500.00
Bot #44 500.00
Bot #45 500.00
Bot #46 500.00
Bot #47 500.00
Bot #48 500.00
Bot #49 500.00
Bot #50 500.00
Bot #51 500.00
Bot #52 500.00
Bot #53 500.00
Bot #54 500.00
Bot #55 500.00
Bot #56 500.00
Bot #57 500.00
Bot #58 500.00
Bot #59 500.00
Bot #60 500.00
Bot #61 500.00
Bot #62 500.00
Bot #63 500.00
Bot #64 500.00
Bot #65 500.00
Bot #66 500.00
Bot #67 500.00
Bot #68 500.00
Bot #69 500.00
Bot #70 500.00
Bot #71 500.00
Bot #72 500.00
Bot #73 500.00
Bot #74 500.00
Bot #75 500.00
Bot #76 500.00
Bot #77 500.00
Bot #78 500.00
Bot #79 500.00
Bot #80 500.00
Bot #81 500.00
Bot #82 500.00
Bot #83 500.00
Bot #84 500.00
Bot #85 500.00
Bot #86 500.00
Bot #87 500.00
Bot #88 500.00
Bot #89 500.00
Bot #90 500.00
Bot #91 500.00
Bot #92 500.00
Bot #93 500.00
Bot #94 500.00
Bot #95 500.00
Bot #96 500.00
Bot #97 500.00
Bot #98 500.00
Bot #99 500.00
Bot #100 500.00
Bot #101 500.00
Bot #102 500.00
Bot #103 500.00
Bot #104 500.00
Bot #105 500.00
Bot #106 500.00
Bot #107 500.00
Bot #108 500.00
Bot #109 500.00
Bot #110 500.00
Bot #111 500.00
Bot #112 500.00
Bot #113 500.00
Bot #114 500.00
Bot #115 500.00
Bot #116 500.00
Bot #117 500.00
Bot #118 500.00
Bot #119 500.00
Bot #120 500.00
Bot #121 500.00
Bot #122 500.00
Bot #123 500.00
Bot #124 500.00
Bot #125 500.00
Bot #126 500.00
Bot #127 500.00
Bot #128 500.00
Bot #129 500.00
Bot #130 500.00
Bot #131 500.00
Bot #132 500.00
Bot #133 500.00
Bot #134 500.00
Bot #135 500.00
Bot #136 500.00
Bot #137 500.00
Bot #138 500.00
Bot #139 500.00
Bot #140 500.00
Bot #141 500.00
Bot #142 500.00
Bot #143 500.00
Bot #144 500.00
Bot #145 500.00
Bot #146 500.00
Bot #147 500.00
Bot #148 500.00
Bot #149 500.00
Bot #150 500.00
Bot #151 500.00
Bot #152 500.00
Bot #153 500.00
Bot #154 500.00
Bot #155 500.00
Bot #156 500.00
Bot #157 500.00
Bot #158 500.00
Bot #159 500.00
Bot #160 500.00
Bot #161 500.00
Bot #162 500.00
Bot #163 500.00
Bot #164 500.00
Bot #165 500.00
Bot #166 500.00
Bot #167 500.00
Bot #168 500.00
Bot #169 500.00
Bot #170 500.00
Bot #171 500.00
Bot #172 500.00
Bot #173 500.00
Bot #174 500.00
Bot #175 500.00
Bot #176 500.00
Bot #177 500.00
Bot #178 500.00
Bot #179 500.00
Bot #180 500.00
Bot #181 500.00
Bot #182 500.00
Bot #183 500.00
Bot #184 500.00
Bot #185 500.00
Bot #186 500.00
Bot #187 500.00
Bot #188 500.00
Bot #189 500.00
Bot #190 500.00
Bot #191 500.00
Bot #192 500.00
Bot #193 500.00
Bot #194 500.00
Bot #195 500.00
Bot #196 500.00
Bot #197 500.00
Bot #198 500.00
Bot #199 500.00
Bot #200 500.00
Bot #201 500.00
Bot #202 500.00
Bot #203 500.00
Bot #204 500.00
Bot #205 500.00
Bot #206 500.00
Bot #207 500.00
Bot #208 500.00
Bot #209 500.00
Bot #210 500.00
Bot #211 500.00
Bot #212 500.00
Bot #213 500.00
Bot #214 500.00
Bot #215 500.00
Bot #216 500.00
Bot #217 500.00
Bot #218 500.00
Bot #219 500.00
Bot #220 500.00
Bot #221 500.00
Bot #222 500.00
Bot #223 500.00
Bot #224 500.00
Bot #225 500.00
Bot #226 500.00
Bot #227 500.00
Bot #228 500.00
Bot #229 500.00
Bot #230 500.00
Bot #231 500.00
Bot #232 500.00
Bot #233 500.00
Bot #234 500.00
Bot #235 500.00
Bot #236 500.00
Bot #237 500.00
Bot #238 500.00
Bot #239 500.00
Bot #240 500.00
Bot #241 500.00
Bot #242 500.00
Bot #243 500.00
Bot #244 500.00
Bot #245 500.00
Bot #246 500.00
Bot #247 500.00
Bot #248 500.00
Bot #249 500.00
Bot #250 500.00
Bot #251 500.00
Bot #252 500.00
Bot #253 500.00
Bot #254 500.00
Bot #255 500.00
Bot #256 500.00
Bot #257 500.00
Bot #258 500.00
Bot #259 500.00
Bot #260 500.00
Bot #261 500.00
Bot #262 500.00
Bot #263 500.00
Bot #264 500.00
Bot #265 500.00
Bot #266 500.00
Bot #267 500.00
Bot #268 500.00
Bot #269 500.00
Bot #270 500.00
Bot #271 500.00
Bot #272 500.00
Bot #273 500.00
Bot #274 500.00
Bot #275 500.00
Bot #276 500.00
Bot #277 500.00
Bot #278 500.00
Bot #279 500.00
Bot #280 500.00
Bot #281 500.00
Bot #282 500.00
Bot #283 500.00
Bot #284 500.00
Bot #285 500.00
Bot #286 500.00
Bot #287 500.00
Bot #288 500.00
Bot #289 500.00
Bot #290 500.00
Bot #291 500.00
Bot #292 500.00
Bot #293 500.00
Bot #294 500.00
Bot #295 500.00
Bot #296 500.00
Bot #297 500.00
Bot #298 500.00
Bot #299 500.00
Bot #300 500.00
Bot #301 500.00
Bot #302 500.00
Bot #303 500.00
Bot #304 500.00
Bot #305 500.00
Bot #306 500.00
Bot #307 500.00
Bot #308 500.00
Bot #309 500.00
Bot #310 500.00
Bot #311 500.00
Bot #312 500.00
Bot #313 500.00
Bot #314 500.00
Bot #315 500.00
Bot #316 500.00
Bot #317 500.00
Bot #318 500.00
Bot #319 500.00
Bot #320 500.00
Bot #321 500.00
Bot #322 500.00
Bot #323 500.00
Bot #324 500.00
Bot #325 500.00
Bot #326 500.00
Bot #327 500.00
Bot #328 500.00
Bot #329 500.00
Bot #330 500.00
Bot #331 500.00
Bot #332 500.00
Bot #333 500.00
Bot #334 500.00
Bot #335 500.00
Bot #336 500.00
Bot #337 500.00
Bot #338 500.00
Bot #339 500.00
Bot #340 500.00
Bot #341 500.00
Bot #342 500.00
Bot #343 500.00
Bot #344 500.00
Bot #345 500.00
Bot #346 500.00
Bot #347 500.00
Bot #348 500.00
Bot #349 500.00
Bot #350 500.00
Bot #351 500.00
Bot #352 500.00
Bot #353 500.00
Bot #354 500.00
Bot #355 500.00
Bot #356 500.00
Bot #357 500.00
Bot #358 500.00
Bot #359 500.00
Bot #360 500.00
Bot #361 500.00
Bot #362 500.00
Bot #363 500.00
Bot #364 500.00
Bot #365 500.00
Bot #366 500.00
Bot #367 500.00
Bot #368 500.00
Bot #369 500.00
Bot #370 500.00
Bot #371 500.00
Bot #372 500.00
Bot #373 500.00
Bot #374 500.00
Bot #375 500.00
Bot #376 500.00
Bot #377 500.00
Bot #378 500.00
Bot #379 500.00
Bot #380 500.00
Bot #381 500.00
Bot #382 500.00
Bot #383 500.00
Bot #384 500.00
Bot #385 500.00
Bot #386 500.00
Bot #387 500.00
Bot #388 500.00
Bot #389 500.00
Bot #390 500.00
Bot #391 500.00
Bot #392 500.00
Bot #393 500.00
Bot #394 500.00
Bot #395 500.00
Bot #396 500.00
Bot #397 500.00
Bot #398 500.00
Bot #399 500.00
Bot #400 500.00
Bot #401 500.00
Bot #402 500.00
Bot #403 500.00
Bot #404 500.00
Bot #405 500.00
Bot #406 500.00
Bot #407 500.00
Bot #408 500.00
Bot #409 500.00
Bot #410 500.00
Bot #411 500.00
Bot #412 500.00
Bot #413 500.00
Bot #414 500.00
Bot #415 500.00
Bot #416 500.00
Bot #417 500.00
Bot #418 500.00
Bot #419 500.00
Bot #420 500.00
Bot #421 500.00
Bot #422 500.00
Bot #423 500.00
Bot #424 500.00
Bot #425 500.00
Bot #426 500.00
Bot #427 500.00
Bot #428 500.00
Bot #429 500.00
Bot #430 500.00
Bot #431 500.00
Bot #432 500.00
Bot #433 500.00
Bot #434 500.00
Bot #435 500.00
Bot #436 500.00
Bot #437 500.00
Bot #438 500.00
Bot #439 500.00
Bot #440 500.00
Bot #441 500.00
Bot #442 500.00
Bot #443 500.00
Bot #444 500.00
Bot #445 500.00
Bot #446 500.00
Bot #447 500.00
Bot #448 500.00
Bot #449 500.00
Bot #450 500.00
Bot #451 500.00
Bot #452 500.00
Bot #453 500.00
Bot #454 500.00
Bot #455 500.00
Bot #456 500.00
Bot #457 500.00
Bot #458 500.00
Bot #459 500.00
Bot #460 500.00
Bot #461 500.00
Bot #462 500.00
Bot #463 500.00
Bot #464 500.00
Bot #465 500.00
Bot #466 500.00
Bot #467 500.00
Bot #468 500.00
Bot #469 500.00
Bot #470 500.00
Bot #471 500.00
Bot #472 500.00
Bot #473 500.00
Bot #474 500.00
Bot #475 500.00
Bot #476 500.00
Bot #477 500.00
Bot #478 500.00
Bot #479 500.00
Bot #480 500.00
Bot #481 500.00
Bot #482 500.00
Bot #483 500.00
Bot #484 500.00
Bot #485 500.00
Bot #486 500.00
Bot #487 500.00
Bot #488 500.00
Bot #489 500.00
Bot #490 500.00
Bot #491 500.00
Bot #492 500.00
Bot #493 500.00
Bot #494 500.00
Bot #495 500.00
Bot #496 500.00
Bot #497 500.00
Bot #498 500.00
Bot #499 500.00
Bot #500 500.00
Lista de espera

