Mineracao de Gelo 500.00
Classificados
Hans Westergaard 600.00
Olavo das Neves 500.00
Lista de espera
Gothi Gelatto 500.00
Kristoff Bjorgman 500.00

Engenharia Metalurgica 600.00
Classificados
Gerda Ferreira 600.00
Lista de espera
Hans Westergaard 600.00
Gothi Gelatto 500.00
Kristoff Bjorgman 500.00
